#Lines like this are ignored. Comments must be on their own line starting with a #.
#Syntax is ID:NAME, if duplicate ids are found, last in list will be used. Empty or missing names will return index instead.

#IDs 1-20 are equipable models 
0:Human
1:Chocobo
2:Magitek Armour
3:Amalja
4:Ixali
5:Kobold
6:Goblin
7:Sylph
8:Moogle
9:Sahagin
10:Mamoolja
11:Gigas 1
12:Gigas 2
13:Gigas 3
14:Quijrn
15:Moogle Postman
16:Lamia
17:Skel
18:Succubus
19:Demon

#Monster ids
20:Diremite
21:Banemite (Grey)
22:Banemite (Purple)
23:Banemite (Wtf?)
24:Rat
25:Squirrel
26:Squirrel
27:Squirrel
28:Toadstool (Red)
29:Toadstool (Purple)
31:Toadstool (Green)
32:Opo-opo
33:Opo-opo
34:Opo-opo
35:Ochu (Orange)
36:Ochu (Red)
37:Mosquto
38:Mosquto
39:Mosquto
40:Carrion Bird
41:Carrion Bird
42:Carrion Bird
43:Carrion Bird
44:Warthog (Brown)
45:Warthog (Grey)
46:Warthog (White)
47:Roseling (Red)
48:Roseling (Blue)
49:Roseling (Purple)
50:Slug
51:Slug
52:Slug
53:Gnat
54:Gnat
55:Magitek Bit
56:Beetle (Yellow)
57:Beetle (Ladybug)
58:Swarm (White)
59:Swarm (Yellow)
60:Swarm ()
61:Doe
62:Antelope
63:Imp (Grey)
64:Imp (Purple)
65:Courel (Yellow Spotted)
66:Courel (White)
67:Courel (Black)
68:Courel (Yellow Spotted)
69:Courel (Yellow)
70:Courel (Yellow Spotted)
71:Mindflayer 1
72:Mindflayer 2
73:Mindflayer 3
74:Mindflayer 4
75:Yarzon
76:Yarzon (purple)

#Missing stuff here, this is most likely particle only things... IE: Fireflies/Willo the Wisps
77:Invisible
78:Firefly (Green)
79:Firefly (Red)
80:Firefly (Blue)

81:Golem 1
82:Golem 2 (White)
83:Golem 3
84:Golem 4
85:Golem 5
86:Golem 6
87:Golem 7
88:Golem 8 /w Spriggan

89:Tonberry
90:Tonberry 2 
91:Tonberry King
92:Tonberry Scholar
93:Tonberry Black Mage

94:Turtle 1
95:Turtle 2
96:Raptor 1
97:Raptor 2
98:Bat 1
99:Bat 2
100:Bomb 1
101:Bomb 2
102:Bomb 3
103:Bomb 4
104:Treant 1
105:Treant 2
106:Treant 3
107:Spriggan 1 (Purple Stone)
108:Spriggan 1 (Yellow Stone)
109:Spriggan 1 (Silver Stone)
110:Spriggan 1 (Red Stone)
111:Spriggan 2 (Purple Stone)
112:Spriggan 2 (Yellow Stone)
113:Spriggan 2 (Silver Stone)
114:Spriggan 2 (Red Stone)
115:Spriggan (Egg 1)
116:Spriggan (Egg 2)
117:Spriggan (Egg 3)
118:Spriggan (Egg 4)
119:Spriggan (Egg 5)
120:Spriggan (Egg 6)
121:Dullahan 1
122:Dullahan 2
123:Dullahan 3
124:Dullahan w/o Head 1
125:Dullahan w/o Head 2
126:Gigantoad 1
127:Gigantoad 2
128:Gigantoad 3 (Purple)
129:Gigantoad 4 (Green)
130:Puk 1
131:Puk 2
132:Puk 3
133:Hippocerf 1
134:Hippocerf 2

#Figure out the difference between these piestes/basalisks
135:SNAKE
136:SNAKE
137:IT'S A SNAKE
138:Buffalo
139:Buffalo
140:Buffalo
141:Cactaur
142:Cactaur
143:Cactaur /w Flower
144:Cactaur
145:Morbol
146:Morbol (Red Tipped)
147:Morbol (Blue)
148:Crab (Green)
149:Crab (Red)
150:Crab (Blue)
151:Eft (Yellow Spotted)
152:Eft (Green)
153:Eft (Red /w Blue Spots)
154:Ziz (Blue)
155:Ziz (Yellow)
156:Ziz (Purple)
157:Ziz (Grey)
158:Ziz (Blue)
159:Hound (Black)
160:Hound (Brown)
161:Hound (White)
162:Hound (Demon)
163:Hound (Choker)
164:Hound (Bandana)
165:Behemoth
166:Behemoth (Red Marks)
167:Ahriman (Yellow /w Red Eye)
168:Ahriman (Grey /w Red Eye)
169:Ahriman (Yellow /w Blue Eye)
170:Ahriman (Red /w Red Eye)
171:Ahriman (Purple /w Purp Eye)
172:Ahriman (Yellow /w Yellow Eye)
173:Dodo (Brown)
174:Dodo (Grey)
175:Dodo (Blue)
176:Coblin (Blue)
177:Coblin (Grey)
178:Coblin (Yellow)
179:Drake (Red)
180:Drake (Purple)
181:Drake (Red Glow)

#Moose Fix the sheeps please 
182:Sheep
183:Sheep
184:IT'S 
185:A SHEEP
186:Rusty Juggarnaut
187:Ogre
188:Ogre (Red Glow)
189:Ogre (Blue)
190:Apkallu
191:NONE

#And these
192:Ant
193:Ant
194:Ant
195:Ant
196:Ant

197:Chimera
198:Gobbue
199:NONE
200:Gobbue (Mount)
201:Pudding (Red)
202:Pudding (White)
203:Pudding (Green)
204:Pudding (Yellow)
205:Pudding (Purple)
206:Pudding (Blue)
207:Pudding 2 (Red)
208:Pudding 2 (White)
209:Pudding 2 (Green)
210:Pudding 2 (Yellow)
211:Pudding 2 (Purple)
212:Pudding 2 (Blue)
213:Vanguard 1
214:Vanguard 2
215:Vanguard 3
#Is it called this?
216:Gargoyal 1
217:Gargoyal 2
218:Gargoyal 3
219:Cyclopse 1
220:Cyclopse 2
221:Puppet (Red)
222:Puppet (Purple)
223:Puppet (Yellow)
224:Dragon (Green)
225:Dragon (Brown)
226:Dragon (Twintania)
227:Atomos
228:Bone Dragon
229:Dragon (Yellow)
230:Dragon (Green)
231:Dragon (Blue)
232:Dragon (Decomposing)
233:
234:Snake
235:Snake
236:NONE
237:Titan Rock 1
238:Worm
239:Worm
240:Worm
241:Worm
242:Worm
243:Siren
244:Hydra 1 (5 Heads Blue)
245:Hydra 2 (5 Heads Yellow)
246:Hydra 3 (3 Heads Blue)
247:Hydra 3 (3 Heads Yellow)
248:Fenrir
249:Titan Rock 2

250:Boss From LoA
251:Amon
252:NONE
253:Suit of Armor (Black)
254:Suit of Armor (Red)
255:Suit of Armor (Blue)
256:Demon Wall 1
257:Demon Wall 2
258:Demon Wall 3 
259:Demon Wall 4
260:Demon Wall 5
261:Typhon
262:INVISIBLE
263:Magic Pot
264:Soul (Yellow)
265:Soul (Blue)
266:Snurble (White)
267:Snurble (Gold)
268:Orobon 1 
269:Orobon 2
270:Orobon 3
271:Old Elemental (Red)
272:Old Elemental (Purple)
273:Old Elemental (Blue)
274:Old Elemental (Yellow)
275:Old Elemental (Redish)
276:Old Elemental (Blueish)
277:Old Elemental (Brown)
278:Old Elemental (Green)
279:Jellyfish 1
280:Jellyfish 2
281:Jellyfish 3

304:Ifrit
305:Leviathen
306:Titan
307:Ultima 1
308:Ultima 2
309:Ultima 3
310:Ultima 4
311:Slepnir
312:Shiva
313:Vishap
315:Shadow Being (WoD)
316:ADS (Red)
317:ADS (White)
318:ADS (Purple)
319:ADS (Blue)
320:ADS (Blue)
321:ADS (Green)
322:ADS (Brown)
323:ADS (Orange)
324:Ultima Hand
#GAP HERE
328:Morbol Sproutling
329:Kraken
340:FFXIII?
341:FFXIII?
342:FFXIII?
343:NONE
344:Mummy
345:Ramuh
346:?
347:Guy From Sycus
348:Scylla
349:Xandes
350:Cerebus
351:Angra Mainyu
352:Cloud of Darkness
353:Gilgamesh
354:Ultros
355:Bubbling Bernie
356:Pugil 1
357:Pugil 2
358:Sapling
359:Stinging Sophie

#MARK
360:Bird (Hunt mob)
361:Dreadnaught
362:Dragonfly
363:
364:

#Pet Summons
407:Eos
408:Selene
409:Carbuncle (Blue)
410:Carbuncle (Red)
411:Carbuncle (Blue/Grey)
412:Carbuncle (White)
413:Carbuncle (Yellw)
414:Carbuncle (Black)
415:Ifrit Egi
416:Titan Egi
417:Garuda Egi
418:Ramuh Egi